0
0
-1
-1
-1
-1
-1
-1
-1
-1
-1
-1
-1
-1
-1
-1
-1
-1
-1
-1
-1
-1
-1
-1
-1
-1
-1
-1
-1
-1
-1
-1
-1
-1
-1
-1
-1
-1
-1
-1
-1
-1
-1
-1
-1
-1
-1
-1
-1
-1
-1
-1
-1
-1
-1
-1
-1
-1
-1
-1
-1
-1
-1
-1
-1
-1
-1
-1
-1
-1
-1
-1
-1
-1
-1
-1
-1
-1
-1
-1
-1
-1
-1
-1
-1
-1
-1
-1
-1
-1
-1
-1
-1
-1
-1
-1
-1
-1
-1
-1
-1
-1
-1
-1
-1
-1
-1
-1
-1
-1
-1
-1
-1
-1
-1
-1
-1
-1
-1
-1
-1
-1
-1
-1
-1
-1
-1
-1
-1
-1
-1
-1
-1
-1
-1
-1
-1
-1
-1
-1
-1
-1
-1
-1
-1
-1
-1
-1
-1
-1
UNREACHABLE
0
0
0
0
0
0
0
0
0
0
0
0
0
0
0
0
0
0
0
0
0
0
0
0
0
0
0
0
0
0
0
0
0
0
0
0
0
0
0
0
0
0
0
0
0
0
0
0
0
0
0
0
0
0
0
0
0
0
0
0
0
0
0
0
0
0
0
0
0
0
0
0
0
0
0
0
0
0
0
0
0
0
0
0
0
0
0
0
0
0
0
0
0
0
0
0
0
0
0
0
0
0
0
0
0
0
0
0
0
0
0
0
0
0
0
0
0
0
0
0
0
0
0
0
0
0
0
0
0
0
0
0
0
0
0
0
0
0
0
0
0
0
0
0
0
0
0
0
0
UNREACHABLE
UNREACHABLE
0
0
0
0
0
0
0
0
0
0
0
0
0
0
0
0
0
0
0
0
0
0
0
0
0
0
0
0
0
0
0
0
0
0
0
0
0
0
0
0
0
0
0
0
0
0
0
0
0
0
0
0
0
0
0
0
0
0
0
0
0
0
0
0
0
0
0
0
0
0
0
0
0
0
0
0
0
0
0
0
0
0
0
0
0
0
0
0
0
0
0
0
0
0
0
0
0
0
0
0
0
0
0
0
0
0
0
0
0
0
0
0
0
0
0
0
0
0
0
0
0
0
0
0
0
0
0
0
0
0
0
0
0
0
0
0
0
0
0
0
0
0
0
0
0
0
0
0
UNREACHABLE
UNREACHABLE
UNREACHABLE
0
0
0
0
0
0
0
0
0
0
0
0
0
0
0
0
0
0
0
0
0
0
0
0
0
0
0
0
0
0
0
0
0
0
0
0
0
0
0
0
0
0
0
0
0
0
0
0
0
0
0
0
0
0
0
0
0
0
0
0
0
0
0
0
0
0
0
0
0
0
0
0
0
0
0
0
0
0
0
0
0
0
0
0
0
0
0
0
0
0
0
0
0
0
0
0
0
0
0
0
0
0
0
0
0
0
0
0
0
0
0
0
0
0
0
0
0
0
0
0
0
0
0
0
0
0
0
0
0
0
0
0
0
0
0
0
0
0
0
0
0
0
0
0
0
0
0
UNREACHABLE
UNREACHABLE
UNREACHABLE
UNREACHABLE
0
0
0
0
0
0
0
0
0
0
0
0
0
0
0
0
0
0
0
0
0
0
0
0
0
0
0
0
0
0
0
0
0
0
0
0
0
0
0
0
0
0
0
0
0
0
0
0
0
0
0
0
0
0
0
0
0
0
0
0
0
0
0
0
0
0
0
0
0
0
0
0
0
0
0
0
0
0
0
0
0
0
0
0
0
0
0
0
0
0
0
0
0
0
0
0
0
0
0
0
0
0
0
0
0
0
0
0
0
0
0
0
0
0
0
0
0
0
0
0
0
0
0
0
0
0
0
0
0
0
0
0
0
0
0
0
0
0
0
0
0
0
0
0
0
0
UNREACHABLE
UNREACHABLE
UNREACHABLE
UNREACHABLE
UNREACHABLE
0
0
0
0
0
0
0
0
0
0
0
0
0
0
0
0
0
0
0
0
0
0
0
0
0
0
0
0
0
0
0
0
0
0
0
0
0
0
0
0
0
0
0
0
0
0
0
0
0
0
0
0
0
0
0
0
0
0
0
0
0
0
0
0
0
0
0
0
0
0
0
0
0
0
0
0
0
0
0
0
0
0
0
0
0
0
0
0
0
0
0
0
0
0
0
0
0
0
0
0
0
0
0
0
0
0
0
0
0
0
0
0
0
0
0
0
0
0
0
0
0
0
0
0
0
0
0
0
0
0
0
0
0
0
0
0
0
0
0
0
0
0
0
0
0
UNREACHABLE
UNREACHABLE
UNREACHABLE
UNREACHABLE
UNREACHABLE
UNREACHABLE
0
0
0
0
0
0
0
0
0
0
0
0
0
0
0
0
0
0
0
0
0
0
0
0
0
0
0
0
0
0
0
0
0
0
0
0
0
0
0
0
0
0
0
0
0
0
0
0
0
0
0
0
0
0
0
0
0
0
0
0
0
0
0
0
0
0
0
0
0
0
0
0
0
0
0
0
0
0
0
0
0
0
0
0
0
0
0
0
0
0
0
0
0
0
0
0
0
0
0
0
0
0
0
0
0
0
0
0
0
0
0
0
0
0
0
0
0
0
0
0
0
0
0
0
0
0
0
0
0
0
0
0
0
0
0
0
0
0
0
0
0
0
0
0
UNREACHABLE
UNREACHABLE
UNREACHABLE
UNREACHABLE
UNREACHABLE
UNREACHABLE
UNREACHABLE
0
0
0
0
0
0
0
0
0
0
0
0
0
0
0
0
0
0
0
0
0
0
0
0
0
0
0
0
0
0
0
0
0
0
0
0
0
0
0
0
0
0
0
0
0
0
0
0
0
0
0
0
0
0
0
0
0
0
0
0
0
0
0
0
0
0
0
0
0
0
0
0
0
0
0
0
0
0
0
0
0
0
0
0
0
0
0
0
0
0
0
0
0
0
0
0
0
0
0
0
0
0
0
0
0
0
0
0
0
0
0
0
0
0
0
0
0
0
0
0
0
0
0
0
0
0
0
0
0
0
0
0
0
0
0
0
0
0
0
0
0
0
0
UNREACHABLE
UNREACHABLE
UNREACHABLE
UNREACHABLE
UNREACHABLE
UNREACHABLE
UNREACHABLE
UNREACHABLE
0
0
0
0
0
0
0
0
0
0
0
0
0
0
0
0
0
0
0
0
0
0
0
0
0
0
0
0
0
0
0
0
0
0
0
0
0
0
0
0
0
0
0
0
0
0
0
0
0
0
0
0
0
0
0
0
0
0
0
0
0
0
0
0
0
0
0
0
0
0
0
0
0
0
0
0
0
0
0
0
0
0
0
0
0
0
0
0
0
0
0
0
0
0
0
0
0
0
0
0
0
0
0
0
0
0
0
0
0
0
0
0
0
0
0
0
0
0
0
0
0
0
0
0
0
0
0
0
0
0
0
0
0
0
0
0
0
0
0
0
0
0
UNREACHABLE
UNREACHABLE
UNREACHABLE
UNREACHABLE
UNREACHABLE
UNREACHABLE
UNREACHABLE
UNREACHABLE
UNREACHABLE
0
0
0
0
0
0
0
0
0
0
0
0
0
0
0
0
0
0
0
0
0
0
0
0
0
0
0
0
0
0
0
0
0
0
0
0
0
0
0
0
0
0
0
0
0
0
0
0
0
0
0
0
0
0
0
0
0
0
0
0
0
0
0
0
0
0
0
0
0
0
0
0
0
0
0
0
0
0
0
0
0
0
0
0
0
0
0
0
0
0
0
0
0
0
0
0
0
0
0
0
0
0
0
0
0
0
0
0
0
0
0
0
0
0
0
0
0
0
0
0
0
0
0
0
0
0
0
0
0
0
0
0
0
0
0
0
0
0
0
0
0
UNREACHABLE
UNREACHABLE
UNREACHABLE
UNREACHABLE
UNREACHABLE
UNREACHABLE
UNREACHABLE
UNREACHABLE
UNREACHABLE
UNREACHABLE
0
0
0
0
0
0
0
0
0
0
0
0
0
0
0
0
0
0
0
0
0
0
0
0
0
0
0
0
0
0
0
0
0
0
0
0
0
0
0
0
0
0
0
0
0
0
0
0
0
0
0
0
0
0
0
0
0
0
0
0
0
0
0
0
0
0
0
0
0
0
0
0
0
0
0
0
0
0
0
0
0
0
0
0
0
0
0
0
0
0
0
0
0
0
0
0
0
0
0
0
0
0
0
0
0
0
0
0
0
0
0
0
0
0
0
0
0
0
0
0
0
0
0
0
0
0
0
0
0
0
0
0
0
0
0
0
0
0
0
0
UNREACHABLE
UNREACHABLE
UNREACHABLE
UNREACHABLE
UNREACHABLE
UNREACHABLE
UNREACHABLE
UNREACHABLE
UNREACHABLE
UNREACHABLE
UNREACHABLE
0
0
0
0
0
0
0
0
0
0
0
0
0
0
0
0
0
0
0
0
0
0
0
0
0
0
0
0
0
0
0
0
0
0
0
0
0
0
0
0
0
0
0
0
0
0
0
0
0
0
0
0
0
0
0
0
0
0
0
0
0
0
0
0
0
0
0
0
0
0
0
0
0
0
0
0
0
0
0
0
0
0
0
0
0
0
0
0
0
0
0
0
0
0
0
0
0
0
0
0
0
0
0
0
0
0
0
0
0
0
0
0
0
0
0
0
0
0
0
0
0
0
0
0
0
0
0
0
0
0
0
0
0
0
0
0
0
0
0
UNREACHABLE
UNREACHABLE
UNREACHABLE
UNREACHABLE
UNREACHABLE
UNREACHABLE
UNREACHABLE
UNREACHABLE
UNREACHABLE
UNREACHABLE
UNREACHABLE
UNREACHABLE
0
0
0
0
0
0
0
0
0
0
0
0
0
0
0
0
0
0
0
0
0
0
0
0
0
0
0
0
0
0
0
0
0
0
0
0
0
0
0
0
0
0
0
0
0
0
0
0
0
0
0
0
0
0
0
0
0
0
0
0
0
0
0
0
0
0
0
0
0
0
0
0
0
0
0
0
0
0
0
0
0
0
0
0
0
0
0
0
0
0
0
0
0
0
0
0
0
0
0
0
0
0
0
0
0
0
0
0
0
0
0
0
0
0
0
0
0
0
0
0
0
0
0
0
0
0
0
0
0
0
0
0
0
0
0
0
0
0
UNREACHABLE
UNREACHABLE
UNREACHABLE
UNREACHABLE
UNREACHABLE
UNREACHABLE
UNREACHABLE
UNREACHABLE
UNREACHABLE
UNREACHABLE
UNREACHABLE
UNREACHABLE
UNREACHABLE
0
0
0
0
0
0
0
0
0
0
0
0
0
0
0
0
0
0
0
0
0
0
0
0
0
0
0
0
0
0
0
0
0
0
0
0
0
0
0
0
0
0
0
0
0
0
0
0
0
0
0
0
0
0
0
0
0
0
0
0
0
0
0
0
0
0
0
0
0
0
0
0
0
0
0
0
0
0
0
0
0
0
0
0
0
0
0
0
0
0
0
0
0
0
0
0
0
0
0
0
0
0
0
0
0
0
0
0
0
0
0
0
0
0
0
0
0
0
0
0
0
0
0
0
0
0
0
0
0
0
0
0
0
0
0
0
0
UNREACHABLE
UNREACHABLE
UNREACHABLE
UNREACHABLE
UNREACHABLE
UNREACHABLE
UNREACHABLE
UNREACHABLE
UNREACHABLE
UNREACHABLE
UNREACHABLE
UNREACHABLE
UNREACHABLE
UNREACHABLE
0
0
0
0
0
0
0
0
0
0
0
0
0
0
0
0
0
0
0
0
0
0
0
0
0
0
0
0
0
0
0
0
0
0
0
0
0
0
0
0
0
0
0
0
0
0
0
0
0
0
0
0
0
0
0
0
0
0
0
0
0
0
0
0
0
0
0
0
0
0
0
0
0
0
0
0
0
0
0
0
0
0
0
0
0
0
0
0
0
0
0
0
0
0
0
0
0
0
0
0
0
0
0
0
0
0
0
0
0
0
0
0
0
0
0
0
0
0
0
0
0
0
0
0
0
0
0
0
0
0
0
0
0
0
0
0
UNREACHABLE
UNREACHABLE
UNREACHABLE
UNREACHABLE
UNREACHABLE
UNREACHABLE
UNREACHABLE
UNREACHABLE
UNREACHABLE
UNREACHABLE
UNREACHABLE
UNREACHABLE
UNREACHABLE
UNREACHABLE
UNREACHABLE
0
0
0
0
0
0
0
0
0
0
0
0
0
0
0
0
0
0
0
0
0
0
0
0
0
0
0
0
0
0
0
0
0
0
0
0
0
0
0
0
0
0
0
0
0
0
0
0
0
0
0
0
0
0
0
0
0
0
0
0
0
0
0
0
0
0
0
0
0
0
0
0
0
0
0
0
0
0
0
0
0
0
0
0
0
0
0
0
0
0
0
0
0
0
0
0
0
0
0
0
0
0
0
0
0
0
0
0
0
0
0
0
0
0
0
0
0
0
0
0
0
0
0
0
0
0
0
0
0
0
0
0
0
0
0
UNREACHABLE
UNREACHABLE
UNREACHABLE
UNREACHABLE
UNREACHABLE
UNREACHABLE
UNREACHABLE
UNREACHABLE
UNREACHABLE
UNREACHABLE
UNREACHABLE
UNREACHABLE
UNREACHABLE
UNREACHABLE
UNREACHABLE
UNREACHABLE
0
0
0
0
0
0
0
0
0
0
0
0
0
0
0
0
0
0
0
0
0
0
0
0
0
0
0
0
0
0
0
0
0
0
0
0
0
0
0
0
0
0
0
0
0
0
0
0
0
0
0
0
0
0
0
0
0
0
0
0
0
0
0
0
0
0
0
0
0
0
0
0
0
0
0
0
0
0
0
0
0
0
0
0
0
0
0
0
0
0
0
0
0
0
0
0
0
0
0
0
0
0
0
0
0
0
0
0
0
0
0
0
0
0
0
0
0
0
0
0
0
0
0
0
0
0
0
0
0
0
0
0
0
0
UNREACHABLE
UNREACHABLE
UNREACHABLE
UNREACHABLE
UNREACHABLE
UNREACHABLE
UNREACHABLE
UNREACHABLE
UNREACHABLE
UNREACHABLE
UNREACHABLE
UNREACHABLE
UNREACHABLE
UNREACHABLE
UNREACHABLE
UNREACHABLE
UNREACHABLE
0
0
0
0
0
0
0
0
0
0
0
0
0
0
0
0
0
0
0
0
0
0
0
0
0
0
0
0
0
0
0
0
0
0
0
0
0
0
0
0
0
0
0
0
0
0
0
0
0
0
0
0
0
0
0
0
0
0
0
0
0
0
0
0
0
0
0
0
0
0
0
0
0
0
0
0
0
0
0
0
0
0
0
0
0
0
0
0
0
0
0
0
0
0
0
0
0
0
0
0
0
0
0
0
0
0
0
0
0
0
0
0
0
0
0
0
0
0
0
0
0
0
0
0
0
0
0
0
0
0
0
0
0
UNREACHABLE
UNREACHABLE
UNREACHABLE
UNREACHABLE
UNREACHABLE
UNREACHABLE
UNREACHABLE
UNREACHABLE
UNREACHABLE
UNREACHABLE
UNREACHABLE
UNREACHABLE
UNREACHABLE
UNREACHABLE
UNREACHABLE
UNREACHABLE
UNREACHABLE
UNREACHABLE
0
0
0
0
0
0
0
0
0
0
0
0
0
0
0
0
0
0
0
0
0
0
0
0
0
0
0
0
0
0
0
0
0
0
0
0
0
0
0
0
0
0
0
0
0
0
0
0
0
0
0
0
0
0
0
0
0
0
0
0
0
0
0
0
0
0
0
0
0
0
0
0
0
0
0
0
0
0
0
0
0
0
0
0
0
0
0
0
0
0
0
0
0
0
0
0
0
0
0
0
0
0
0
0
0
0
0
0
0
0
0
0
0
0
0
0
0
0
0
0
0
0
0
0
0
0
0
0
0
0
0
0
UNREACHABLE
UNREACHABLE
UNREACHABLE
UNREACHABLE
UNREACHABLE
UNREACHABLE
UNREACHABLE
UNREACHABLE
UNREACHABLE
UNREACHABLE
UNREACHABLE
UNREACHABLE
UNREACHABLE
UNREACHABLE
UNREACHABLE
UNREACHABLE
UNREACHABLE
UNREACHABLE
UNREACHABLE
0
0
0
0
0
0
0
0
0
0
0
0
0
0
0
0
0
0
0
0
0
0
0
0
0
0
0
0
0
0
0
0
0
0
0
0
0
0
0
0
0
0
0
0
0
0
0
0
0
0
0
0
0
0
0
0
0
0
0
0
0
0
0
0
0
0
0
0
0
0
0
0
0
0
0
0
0
0
0
0
0
0
0
0
0
0
0
0
0
0
0
0
0
0
0
0
0
0
0
0
0
0
0
0
0
0
0
0
0
0
0
0
0
0
0
0
0
0
0
0
0
0
0
0
0
0
0
0
0
0
0
UNREACHABLE
UNREACHABLE
UNREACHABLE
UNREACHABLE
UNREACHABLE
UNREACHABLE
UNREACHABLE
UNREACHABLE
UNREACHABLE
UNREACHABLE
UNREACHABLE
UNREACHABLE
UNREACHABLE
UNREACHABLE
UNREACHABLE
UNREACHABLE
UNREACHABLE
UNREACHABLE
UNREACHABLE
UNREACHABLE
0
0
0
0
0
0
0
0
0
0
0
0
0
0
0
0
0
0
0
0
0
0
0
0
0
0
0
0
0
0
0
0
0
0
0
0
0
0
0
0
0
0
0
0
0
0
0
0
0
0
0
0
0
0
0
0
0
0
0
0
0
0
0
0
0
0
0
0
0
0
0
0
0
0
0
0
0
0
0
0
0
0
0
0
0
0
0
0
0
0
0
0
0
0
0
0
0
0
0
0
0
0
0
0
0
0
0
0
0
0
0
0
0
0
0
0
0
0
0
0
0
0
0
0
0
0
0
0
0
0
UNREACHABLE
UNREACHABLE
UNREACHABLE
UNREACHABLE
UNREACHABLE
UNREACHABLE
UNREACHABLE
UNREACHABLE
UNREACHABLE
UNREACHABLE
UNREACHABLE
UNREACHABLE
UNREACHABLE
UNREACHABLE
UNREACHABLE
UNREACHABLE
UNREACHABLE
UNREACHABLE
UNREACHABLE
UNREACHABLE
UNREACHABLE
0
0
0
0
0
0
0
0
0
0
0
0
0
0
0
0
0
0
0
0
0
0
0
0
0
0
0
0
0
0
0
0
0
0
0
0
0
0
0
0
0
0
0
0
0
0
0
0
0
0
0
0
0
0
0
0
0
0
0
0
0
0
0
0
0
0
0
0
0
0
0
0
0
0
0
0
0
0
0
0
0
0
0
0
0
0
0
0
0
0
0
0
0
0
0
0
0
0
0
0
0
0
0
0
0
0
0
0
0
0
0
0
0
0
0
0
0
0
0
0
0
0
0
0
0
0
0
0
0
UNREACHABLE
UNREACHABLE
UNREACHABLE
UNREACHABLE
UNREACHABLE
UNREACHABLE
UNREACHABLE
UNREACHABLE
UNREACHABLE
UNREACHABLE
UNREACHABLE
UNREACHABLE
UNREACHABLE
UNREACHABLE
UNREACHABLE
UNREACHABLE
UNREACHABLE
UNREACHABLE
UNREACHABLE
UNREACHABLE
UNREACHABLE
UNREACHABLE
0
0
0
0
0
0
0
0
0
0
0
0
0
0
0
0
0
0
0
0
0
0
0
0
0
0
0
0
0
0
0
0
0
0
0
0
0
0
0
0
0
0
0
0
0
0
0
0
0
0
0
0
0
0
0
0
0
0
0
0
0
0
0
0
0
0
0
0
0
0
0
0
0
0
0
0
0
0
0
0
0
0
0
0
0
0
0
0
0
0
0
0
0
0
0
0
0
0
0
0
0
0
0
0
0
0
0
0
0
0
0
0
0
0
0
0
0
0
0
0
0
0
0
0
0
0
0
0
UNREACHABLE
UNREACHABLE
UNREACHABLE
UNREACHABLE
UNREACHABLE
UNREACHABLE
UNREACHABLE
UNREACHABLE
UNREACHABLE
UNREACHABLE
UNREACHABLE
UNREACHABLE
UNREACHABLE
UNREACHABLE
UNREACHABLE
UNREACHABLE
UNREACHABLE
UNREACHABLE
UNREACHABLE
UNREACHABLE
UNREACHABLE
UNREACHABLE
UNREACHABLE
0
0
0
0
0
0
0
0
0
0
0
0
0
0
0
0
0
0
0
0
0
0
0
0
0
0
0
0
0
0
0
0
0
0
0
0
0
0
0
0
0
0
0
0
0
0
0
0
0
0
0
0
0
0
0
0
0
0
0
0
0
0
0
0
0
0
0
0
0
0
0
0
0
0
0
0
0
0
0
0
0
0
0
0
0
0
0
0
0
0
0
0
0
0
0
0
0
0
0
0
0
0
0
0
0
0
0
0
0
0
0
0
0
0
0
0
0
0
0
0
0
0
0
0
0
0
0
UNREACHABLE
UNREACHABLE
UNREACHABLE
UNREACHABLE
UNREACHABLE
UNREACHABLE
UNREACHABLE
UNREACHABLE
UNREACHABLE
UNREACHABLE
UNREACHABLE
UNREACHABLE
UNREACHABLE
UNREACHABLE
UNREACHABLE
UNREACHABLE
UNREACHABLE
UNREACHABLE
UNREACHABLE
UNREACHABLE
UNREACHABLE
UNREACHABLE
UNREACHABLE
UNREACHABLE
0
0
0
0
0
0
0
0
0
0
0
0
0
0
0
0
0
0
0
0
0
0
0
0
0
0
0
0
0
0
0
0
0
0
0
0
0
0
0
0
0
0
0
0
0
0
0
0
0
0
0
0
0
0
0
0
0
0
0
0
0
0
0
0
0
0
0
0
0
0
0
0
0
0
0
0
0
0
0
0
0
0
0
0
0
0
0
0
0
0
0
0
0
0
0
0
0
0
0
0
0
0
0
0
0
0
0
0
0
0
0
0
0
0
0
0
0
0
0
0
0
0
0
0
0
0
UNREACHABLE
UNREACHABLE
UNREACHABLE
UNREACHABLE
UNREACHABLE
UNREACHABLE
UNREACHABLE
UNREACHABLE
UNREACHABLE
UNREACHABLE
UNREACHABLE
UNREACHABLE
UNREACHABLE
UNREACHABLE
UNREACHABLE
UNREACHABLE
UNREACHABLE
UNREACHABLE
UNREACHABLE
UNREACHABLE
UNREACHABLE
UNREACHABLE
UNREACHABLE
UNREACHABLE
UNREACHABLE
0
0
0
0
0
0
0
0
0
0
0
0
0
0
0
0
0
0
0
0
0
0
0
0
0
0
0
0
0
0
0
0
0
0
0
0
0
0
0
0
0
0
0
0
0
0
0
0
0
0
0
0
0
0
0
0
0
0
0
0
0
0
0
0
0
0
0
0
0
0
0
0
0
0
0
0
0
0
0
0
0
0
0
0
0
0
0
0
0
0
0
0
0
0
0
0
0
0
0
0
0
0
0
0
0
0
0
0
0
0
0
0
0
0
0
0
0
0
0
0
0
0
0
0
0
UNREACHABLE
UNREACHABLE
UNREACHABLE
UNREACHABLE
UNREACHABLE
UNREACHABLE
UNREACHABLE
UNREACHABLE
UNREACHABLE
UNREACHABLE
UNREACHABLE
UNREACHABLE
UNREACHABLE
UNREACHABLE
UNREACHABLE
UNREACHABLE
UNREACHABLE
UNREACHABLE
UNREACHABLE
UNREACHABLE
UNREACHABLE
UNREACHABLE
UNREACHABLE
UNREACHABLE
UNREACHABLE
UNREACHABLE
0
0
0
0
0
0
0
0
0
0
0
0
0
0
0
0
0
0
0
0
0
0
0
0
0
0
0
0
0
0
0
0
0
0
0
0
0
0
0
0
0
0
0
0
0
0
0
0
0
0
0
0
0
0
0
0
0
0
0
0
0
0
0
0
0
0
0
0
0
0
0
0
0
0
0
0
0
0
0
0
0
0
0
0
0
0
0
0
0
0
0
0
0
0
0
0
0
0
0
0
0
0
0
0
0
0
0
0
0
0
0
0
0
0
0
0
0
0
0
0
0
0
0
0
UNREACHABLE
UNREACHABLE
UNREACHABLE
UNREACHABLE
UNREACHABLE
UNREACHABLE
UNREACHABLE
UNREACHABLE
UNREACHABLE
UNREACHABLE
UNREACHABLE
UNREACHABLE
UNREACHABLE
UNREACHABLE
UNREACHABLE
UNREACHABLE
UNREACHABLE
UNREACHABLE
UNREACHABLE
UNREACHABLE
UNREACHABLE
UNREACHABLE
UNREACHABLE
UNREACHABLE
UNREACHABLE
UNREACHABLE
UNREACHABLE
0
0
0
0
0
0
0
0
0
0
0
0
0
0
0
0
0
0
0
0
0
0
0
0
0
0
0
0
0
0
0
0
0
0
0
0
0
0
0
0
0
0
0
0
0
0
0
0
0
0
0
0
0
0
0
0
0
0
0
0
0
0
0
0
0
0
0
0
0
0
0
0
0
0
0
0
0
0
0
0
0
0
0
0
0
0
0
0
0
0
0
0
0
0
0
0
0
0
0
0
0
0
0
0
0
0
0
0
0
0
0
0
0
0
0
0
0
0
0
0
0
0
0
UNREACHABLE
UNREACHABLE
UNREACHABLE
UNREACHABLE
UNREACHABLE
UNREACHABLE
UNREACHABLE
UNREACHABLE
UNREACHABLE
UNREACHABLE
UNREACHABLE
UNREACHABLE
UNREACHABLE
UNREACHABLE
UNREACHABLE
UNREACHABLE
UNREACHABLE
UNREACHABLE
UNREACHABLE
UNREACHABLE
UNREACHABLE
UNREACHABLE
UNREACHABLE
UNREACHABLE
UNREACHABLE
UNREACHABLE
UNREACHABLE
UNREACHABLE
0
0
0
0
0
0
0
0
0
0
0
0
0
0
0
0
0
0
0
0
0
0
0
0
0
0
0
0
0
0
0
0
0
0
0
0
0
0
0
0
0
0
0
0
0
0
0
0
0
0
0
0
0
0
0
0
0
0
0
0
0
0
0
0
0
0
0
0
0
0
0
0
0
0
0
0
0
0
0
0
0
0
0
0
0
0
0
0
0
0
0
0
0
0
0
0
0
0
0
0
0
0
0
0
0
0
0
0
0
0
0
0
0
0
0
0
0
0
0
0
0
0
UNREACHABLE
UNREACHABLE
UNREACHABLE
UNREACHABLE
UNREACHABLE
UNREACHABLE
UNREACHABLE
UNREACHABLE
UNREACHABLE
UNREACHABLE
UNREACHABLE
UNREACHABLE
UNREACHABLE
UNREACHABLE
UNREACHABLE
UNREACHABLE
UNREACHABLE
UNREACHABLE
UNREACHABLE
UNREACHABLE
UNREACHABLE
UNREACHABLE
UNREACHABLE
UNREACHABLE
UNREACHABLE
UNREACHABLE
UNREACHABLE
UNREACHABLE
UNREACHABLE
0
0
0
0
0
0
0
0
0
0
0
0
0
0
0
0
0
0
0
0
0
0
0
0
0
0
0
0
0
0
0
0
0
0
0
0
0
0
0
0
0
0
0
0
0
0
0
0
0
0
0
0
0
0
0
0
0
0
0
0
0
0
0
0
0
0
0
0
0
0
0
0
0
0
0
0
0
0
0
0
0
0
0
0
0
0
0
0
0
0
0
0
0
0
0
0
0
0
0
0
0
0
0
0
0
0
0
0
0
0
0
0
0
0
0
0
0
0
0
0
0
UNREACHABLE
UNREACHABLE
UNREACHABLE
UNREACHABLE
UNREACHABLE
UNREACHABLE
UNREACHABLE
UNREACHABLE
UNREACHABLE
UNREACHABLE
UNREACHABLE
UNREACHABLE
UNREACHABLE
UNREACHABLE
UNREACHABLE
UNREACHABLE
UNREACHABLE
UNREACHABLE
UNREACHABLE
UNREACHABLE
UNREACHABLE
UNREACHABLE
UNREACHABLE
UNREACHABLE
UNREACHABLE
UNREACHABLE
UNREACHABLE
UNREACHABLE
UNREACHABLE
UNREACHABLE
0
0
0
0
0
0
0
0
0
0
0
0
0
0
0
0
0
0
0
0
0
0
0
0
0
0
0
0
0
0
0
0
0
0
0
0
0
0
0
0
0
0
0
0
0
0
0
0
0
0
0
0
0
0
0
0
0
0
0
0
0
0
0
0
0
0
0
0
0
0
0
0
0
0
0
0
0
0
0
0
0
0
0
0
0
0
0
0
0
0
0
0
0
0
0
0
0
0
0
0
0
0
0
0
0
0
0
0
0
0
0
0
0
0
0
0
0
0
0
0
UNREACHABLE
UNREACHABLE
UNREACHABLE
UNREACHABLE
UNREACHABLE
UNREACHABLE
UNREACHABLE
UNREACHABLE
UNREACHABLE
UNREACHABLE
UNREACHABLE
UNREACHABLE
UNREACHABLE
UNREACHABLE
UNREACHABLE
UNREACHABLE
UNREACHABLE
UNREACHABLE
UNREACHABLE
UNREACHABLE
UNREACHABLE
UNREACHABLE
UNREACHABLE
UNREACHABLE
UNREACHABLE
UNREACHABLE
UNREACHABLE
UNREACHABLE
UNREACHABLE
UNREACHABLE
UNREACHABLE
0
0
0
0
0
0
0
0
0
0
0
0
0
0
0
0
0
0
0
0
0
0
0
0
0
0
0
0
0
0
0
0
0
0
0
0
0
0
0
0
0
0
0
0
0
0
0
0
0
0
0
0
0
0
0
0
0
0
0
0
0
0
0
0
0
0
0
0
0
0
0
0
0
0
0
0
0
0
0
0
0
0
0
0
0
0
0
0
0
0
0
0
0
0
0
0
0
0
0
0
0
0
0
0
0
0
0
0
0
0
0
0
0
0
0
0
0
0
0
UNREACHABLE
UNREACHABLE
UNREACHABLE
UNREACHABLE
UNREACHABLE
UNREACHABLE
UNREACHABLE
UNREACHABLE
UNREACHABLE
UNREACHABLE
UNREACHABLE
UNREACHABLE
UNREACHABLE
UNREACHABLE
UNREACHABLE
UNREACHABLE
UNREACHABLE
UNREACHABLE
UNREACHABLE
UNREACHABLE
UNREACHABLE
UNREACHABLE
UNREACHABLE
UNREACHABLE
UNREACHABLE
UNREACHABLE
UNREACHABLE
UNREACHABLE
UNREACHABLE
UNREACHABLE
UNREACHABLE
UNREACHABLE
0
0
0
0
0
0
0
0
0
0
0
0
0
0
0
0
0
0
0
0
0
0
0
0
0
0
0
0
0
0
0
0
0
0
0
0
0
0
0
0
0
0
0
0
0
0
0
0
0
0
0
0
0
0
0
0
0
0
0
0
0
0
0
0
0
0
0
0
0
0
0
0
0
0
0
0
0
0
0
0
0
0
0
0
0
0
0
0
0
0
0
0
0
0
0
0
0
0
0
0
0
0
0
0
0
0
0
0
0
0
0
0
0
0
0
0
0
0
UNREACHABLE
UNREACHABLE
UNREACHABLE
UNREACHABLE
UNREACHABLE
UNREACHABLE
UNREACHABLE
UNREACHABLE
UNREACHABLE
UNREACHABLE
UNREACHABLE
UNREACHABLE
UNREACHABLE
UNREACHABLE
UNREACHABLE
UNREACHABLE
UNREACHABLE
UNREACHABLE
UNREACHABLE
UNREACHABLE
UNREACHABLE
UNREACHABLE
UNREACHABLE
UNREACHABLE
UNREACHABLE
UNREACHABLE
UNREACHABLE
UNREACHABLE
UNREACHABLE
UNREACHABLE
UNREACHABLE
UNREACHABLE
UNREACHABLE
0
0
0
0
0
0
0
0
0
0
0
0
0
0
0
0
0
-1
