0
1
2
3
4
PARADOX
PARADOX
PARADOX
PARADOX
PARADOX
PARADOX
PARADOX
UNREACHABLE
UNREACHABLE
UNREACHABLE
0
1
2
3
PARADOX
PARADOX
PARADOX
PARADOX
PARADOX
PARADOX
PARADOX
UNREACHABLE
UNREACHABLE
UNREACHABLE
UNREACHABLE
0
1
2
PARADOX
PARADOX
PARADOX
PARADOX
PARADOX
PARADOX
PARADOX
UNREACHABLE
UNREACHABLE
UNREACHABLE
UNREACHABLE
UNREACHABLE
0
1
PARADOX
PARADOX
PARADOX
PARADOX
PARADOX
PARADOX
PARADOX
UNREACHABLE
UNREACHABLE
UNREACHABLE
UNREACHABLE
UNREACHABLE
UNREACHABLE
0
PARADOX
PARADOX
PARADOX
PARADOX
PARADOX
PARADOX
PARADOX
UNREACHABLE
UNREACHABLE
UNREACHABLE
UNREACHABLE
UNREACHABLE
UNREACHABLE
UNREACHABLE
PARADOX
PARADOX
PARADOX
PARADOX
PARADOX
PARADOX
PARADOX
UNREACHABLE
UNREACHABLE
UNREACHABLE
UNREACHABLE
UNREACHABLE
UNREACHABLE
UNREACHABLE
UNREACHABLE
0
1
2
3
UNREACHABLE
UNREACHABLE
UNREACHABLE
UNREACHABLE
UNREACHABLE
UNREACHABLE
UNREACHABLE
UNREACHABLE
UNREACHABLE
UNREACHABLE
UNREACHABLE
0
1
2
UNREACHABLE
UNREACHABLE
UNREACHABLE
UNREACHABLE
UNREACHABLE
UNREACHABLE
UNREACHABLE
UNREACHABLE
UNREACHABLE
UNREACHABLE
UNREACHABLE
UNREACHABLE
0
1
UNREACHABLE
UNREACHABLE
UNREACHABLE
UNREACHABLE
UNREACHABLE
UNREACHABLE
UNREACHABLE
UNREACHABLE
UNREACHABLE
UNREACHABLE
UNREACHABLE
UNREACHABLE
UNREACHABLE
0
UNREACHABLE
UNREACHABLE
UNREACHABLE
UNREACHABLE
UNREACHABLE
UNREACHABLE
UNREACHABLE
UNREACHABLE
UNREACHABLE
PARADOX
PARADOX
PARADOX
PARADOX
PARADOX
PARADOX
PARADOX
UNREACHABLE
UNREACHABLE
UNREACHABLE
UNREACHABLE
UNREACHABLE
UNREACHABLE
UNREACHABLE
PARADOX
PARADOX
PARADOX
PARADOX
PARADOX
PARADOX
PARADOX
UNREACHABLE
UNREACHABLE
UNREACHABLE
UNREACHABLE
UNREACHABLE
UNREACHABLE
UNREACHABLE
UNREACHABLE
UNREACHABLE
UNREACHABLE
UNREACHABLE
UNREACHABLE
UNREACHABLE
UNREACHABLE
0
2
UNREACHABLE
UNREACHABLE
UNREACHABLE
UNREACHABLE
UNREACHABLE
UNREACHABLE
UNREACHABLE
UNREACHABLE
UNREACHABLE
UNREACHABLE
UNREACHABLE
UNREACHABLE
UNREACHABLE
0
